// Jest Snapshot v1, https://jestjs.io/docs/snapshot-testing

exports[`ShoppingList component renders shopping list in order 1`] = `
<div>
  <table
    width="300"
  >
    <tbody>
      <tr>
        <td
          width="100%"
        >
          milk 4pt
        </td>
        <td
          width="50"
        >
          £2.31
        </td>
        <td>
          <button>
            Delete
          </button>
        </td>
      </tr>
    </tbody>
  </table>
  <table
    width="300"
  >
    <tbody>
      <tr>
        <td
          width="100%"
        >
          apples
        </td>
        <td
          width="50"
        >
          £2.00
        </td>
        <td>
          <button>
            Delete
          </button>
        </td>
      </tr>
    </tbody>
  </table>
  <table
    width="300"
  >
    <tbody>
      <tr>
        <td
          width="100%"
        >
          porridge
        </td>
        <td
          width="50"
        >
          £1.50
        </td>
        <td>
          <button>
            Delete
          </button>
        </td>
      </tr>
    </tbody>
  </table>
  <table
    width="300"
  >
    <tbody>
      <tr>
        <td
          width="100%"
        >
          cheese
        </td>
        <td
          width="50"
        >
          £1.23
        </td>
        <td>
          <button>
            Delete
          </button>
        </td>
      </tr>
    </tbody>
  </table>
</div>
`;
